keymaps 0-2,4-6,8-9,12
alt_is_meta
include "linux-with-alt-and-altgr.inc"
strings as usual

keycode   1 = Escape           
keycode   2 = one	degree	
keycode   3 = two              
keycode   4 = three                  
keycode   5 = four             
keycode   6 = five                     
keycode   7 = six	dollar     
keycode   8 = seven            
keycode   9 = eight            
keycode  10 = nine                 
keycode  11 = zero                   
keycode  12 = minus       
keycode  13 = grave
keycode  14 = Delete           
keycode  15 = Tab	Meta_Tab       
keycode  16 = x       
altgr keycode 16 = asciitilde
keycode  17 = v
altgr keycode 17 = bracketleft
keycode  18 = l
altgr keycode 18 = apostrophe
keycode  19 = c
altgr keycode 19 = less
keycode  20 = w
altgr keycode 20 = exclam
keycode  21 = k
altgr keycode 21 = equal
keycode  22 = h
altgr keycode 22 = greater
keycode  23 = g
altgr keycode 23 = quotedbl
keycode  24 = f
altgr keycode 24 = bracketright
keycode  25 = q
altgr keycode 25 = bar
keycode  26 = at
altgr keycode 26 = grave
keycode  27 = asciitilde           
keycode  28 = Return          
        alt     keycode  28 = Meta_Control_m
keycode  29 = Control         
keycode  30 = u
altgr keycode 30 = comma
keycode  31 = i
altgr keycode 31 = braceleft
keycode  32 = a
altgr keycode 32 = backslash
keycode  33 = e
altgr keycode 33 = semicolon
keycode  34 = o
altgr keycode 34 = parenleft
keycode  35 = s
altgr keycode 35 = parenright
keycode  36 = n
altgr keycode 36 = underscore
keycode  37 = r
altgr keycode 37 = slash
keycode  38 = t
altgr keycode 38 = braceright
keycode  39 = d
altgr keycode 39 = period
keycode  40 = AltGr
keycode  41 = grave            asciitilde      
keycode  42 = Shift           
keycode  43 = AltGr             
keycode  44 = 
altgr keycode 44 = percent
keycode  45 = grave
altgr keycode 45 = asciicircum
keycode  46 = +bar +at
altgr keycode 46 = question
keycode  47 = p
altgr keycode 47 = minus
keycode  48 = z
altgr keycode 48 = at
keycode  49 = b
altgr keycode 49 = plus
keycode  50 = m
altgr keycode 50 = dollar
keycode  51 = asterisk
altgr keycode 51 = ampersand
keycode  52 = j
altgr keycode 52 = numbersign
keycode  53 = y
altgr keycode 53 = colon
keycode  54 = Shift           
keycode  56 = Alt             
keycode  57 = space            
keycode  58 = AltGr       
keycode  86 = less             greater          bar             
keycode  97 = Control         
